
===== repeticao 1 =====
Matriz OpenMP 4096x4096 gerada com MAX_ITER=1000.
Regiao: Re=[-2.000000000, 1.000000000], Im=[-1.500000000, 1.500000000].
Escalonamento: static.
Threads: 8.
Tempo de geracao: 2.675000 segundos.
Tempo de escrita: 0.437000 segundos.
Amostras: primeiro=0, meio=0, ultimo=1.
Chunk: 1 linha.
Balanceamento: threads=8, minimo=2.652000 s, medio=2.666375 s, maximo=2.674000 s, fator_maximo_medio=1.002860.
Matriz binaria salva em saidas/matrizes/mandelbrot_openmp_static.bin.
Imagem PGM salva em saidas/imagens/mandelbrot_openmp_static.pgm.
===== repeticao 2 =====
Matriz OpenMP 4096x4096 gerada com MAX_ITER=1000.
Regiao: Re=[-2.000000000, 1.000000000], Im=[-1.500000000, 1.500000000].
Escalonamento: static.
Threads: 8.
Tempo de geracao: 2.737000 segundos.
Tempo de escrita: 0.474000 segundos.
Amostras: primeiro=0, meio=0, ultimo=1.
Chunk: 1 linha.
Balanceamento: threads=8, minimo=2.662000 s, medio=2.701250 s, maximo=2.736000 s, fator_maximo_medio=1.012864.
Matriz binaria salva em saidas/matrizes/mandelbrot_openmp_static.bin.
Imagem PGM salva em saidas/imagens/mandelbrot_openmp_static.pgm.
===== repeticao 3 =====
Matriz OpenMP 4096x4096 gerada com MAX_ITER=1000.
Regiao: Re=[-2.000000000, 1.000000000], Im=[-1.500000000, 1.500000000].
Escalonamento: static.
Threads: 8.
Tempo de geracao: 2.741000 segundos.
Tempo de escrita: 0.421000 segundos.
Amostras: primeiro=0, meio=0, ultimo=1.
Chunk: 1 linha.
Balanceamento: threads=8, minimo=2.666000 s, medio=2.701000 s, maximo=2.740000 s, fator_maximo_medio=1.014439.
Matriz binaria salva em saidas/matrizes/mandelbrot_openmp_static.bin.
Imagem PGM salva em saidas/imagens/mandelbrot_openmp_static.pgm.
===== repeticao 4 =====
Matriz OpenMP 4096x4096 gerada com MAX_ITER=1000.
Regiao: Re=[-2.000000000, 1.000000000], Im=[-1.500000000, 1.500000000].
Escalonamento: static.
Threads: 8.
Tempo de geracao: 2.689000 segundos.
Tempo de escrita: 0.430000 segundos.
Amostras: primeiro=0, meio=0, ultimo=1.
Chunk: 1 linha.
Balanceamento: threads=8, minimo=2.658000 s, medio=2.668500 s, maximo=2.689000 s, fator_maximo_medio=1.007682.
Matriz binaria salva em saidas/matrizes/mandelbrot_openmp_static.bin.
Imagem PGM salva em saidas/imagens/mandelbrot_openmp_static.pgm.
===== repeticao 5 =====
Matriz OpenMP 4096x4096 gerada com MAX_ITER=1000.
Regiao: Re=[-2.000000000, 1.000000000], Im=[-1.500000000, 1.500000000].
Escalonamento: static.
Threads: 8.
Tempo de geracao: 2.701000 segundos.
Tempo de escrita: 0.435000 segundos.
Amostras: primeiro=0, meio=0, ultimo=1.
Chunk: 1 linha.
Balanceamento: threads=8, minimo=2.663000 s, medio=2.680375 s, maximo=2.700000 s, fator_maximo_medio=1.007322.
Matriz binaria salva em saidas/matrizes/mandelbrot_openmp_static.bin.
Imagem PGM salva em saidas/imagens/mandelbrot_openmp_static.pgm.
