
===== repeticao 1 =====
Matriz OpenMP 4096x4096 gerada com MAX_ITER=1000.
Regiao: Re=[-2.000000000, 1.000000000], Im=[-1.500000000, 1.500000000].
Escalonamento: static.
Threads: 1.
Tempo de geracao: 11.415000 segundos.
Tempo de escrita: 0.364000 segundos.
Amostras: primeiro=0, meio=0, ultimo=1.
Chunk: 1 linha.
Balanceamento: threads=1, minimo=11.415000 s, medio=11.415000 s, maximo=11.415000 s, fator_maximo_medio=1.000000.
Matriz binaria salva em saidas/matrizes/mandelbrot_openmp_static.bin.
Imagem PGM salva em saidas/imagens/mandelbrot_openmp_static.pgm.
===== repeticao 2 =====
Matriz OpenMP 4096x4096 gerada com MAX_ITER=1000.
Regiao: Re=[-2.000000000, 1.000000000], Im=[-1.500000000, 1.500000000].
Escalonamento: static.
Threads: 1.
Tempo de geracao: 11.531000 segundos.
Tempo de escrita: 0.361000 segundos.
Amostras: primeiro=0, meio=0, ultimo=1.
Chunk: 1 linha.
Balanceamento: threads=1, minimo=11.531000 s, medio=11.531000 s, maximo=11.531000 s, fator_maximo_medio=1.000000.
Matriz binaria salva em saidas/matrizes/mandelbrot_openmp_static.bin.
Imagem PGM salva em saidas/imagens/mandelbrot_openmp_static.pgm.
===== repeticao 3 =====
Matriz OpenMP 4096x4096 gerada com MAX_ITER=1000.
Regiao: Re=[-2.000000000, 1.000000000], Im=[-1.500000000, 1.500000000].
Escalonamento: static.
Threads: 1.
Tempo de geracao: 11.421000 segundos.
Tempo de escrita: 0.368000 segundos.
Amostras: primeiro=0, meio=0, ultimo=1.
Chunk: 1 linha.
Balanceamento: threads=1, minimo=11.421000 s, medio=11.421000 s, maximo=11.421000 s, fator_maximo_medio=1.000000.
Matriz binaria salva em saidas/matrizes/mandelbrot_openmp_static.bin.
Imagem PGM salva em saidas/imagens/mandelbrot_openmp_static.pgm.
===== repeticao 4 =====
Matriz OpenMP 4096x4096 gerada com MAX_ITER=1000.
Regiao: Re=[-2.000000000, 1.000000000], Im=[-1.500000000, 1.500000000].
Escalonamento: static.
Threads: 1.
Tempo de geracao: 11.500000 segundos.
Tempo de escrita: 0.365000 segundos.
Amostras: primeiro=0, meio=0, ultimo=1.
Chunk: 1 linha.
Balanceamento: threads=1, minimo=11.500000 s, medio=11.500000 s, maximo=11.500000 s, fator_maximo_medio=1.000000.
Matriz binaria salva em saidas/matrizes/mandelbrot_openmp_static.bin.
Imagem PGM salva em saidas/imagens/mandelbrot_openmp_static.pgm.
===== repeticao 5 =====
Matriz OpenMP 4096x4096 gerada com MAX_ITER=1000.
Regiao: Re=[-2.000000000, 1.000000000], Im=[-1.500000000, 1.500000000].
Escalonamento: static.
Threads: 1.
Tempo de geracao: 11.570000 segundos.
Tempo de escrita: 0.360000 segundos.
Amostras: primeiro=0, meio=0, ultimo=1.
Chunk: 1 linha.
Balanceamento: threads=1, minimo=11.570000 s, medio=11.570000 s, maximo=11.570000 s, fator_maximo_medio=1.000000.
Matriz binaria salva em saidas/matrizes/mandelbrot_openmp_static.bin.
Imagem PGM salva em saidas/imagens/mandelbrot_openmp_static.pgm.
