
===== repeticao 1 =====
Matriz OpenMP 4096x4096 gerada com MAX_ITER=1000.
Regiao: Re=[-2.000000000, 1.000000000], Im=[-1.500000000, 1.500000000].
Escalonamento: static.
Threads: 8.
Tempo de geracao: 2.197000 segundos.
Tempo de escrita: 0.404000 segundos.
Amostras: primeiro=0, meio=0, ultimo=1.
Chunk: 16 linhas.
Balanceamento: threads=8, minimo=2.087000 s, medio=2.146000 s, maximo=2.196000 s, fator_maximo_medio=1.023299.
Matriz binaria salva em saidas/matrizes/mandelbrot_openmp_static.bin.
Imagem PGM salva em saidas/imagens/mandelbrot_openmp_static.pgm.
===== repeticao 2 =====
Matriz OpenMP 4096x4096 gerada com MAX_ITER=1000.
Regiao: Re=[-2.000000000, 1.000000000], Im=[-1.500000000, 1.500000000].
Escalonamento: static.
Threads: 8.
Tempo de geracao: 2.628000 segundos.
Tempo de escrita: 0.410000 segundos.
Amostras: primeiro=0, meio=0, ultimo=1.
Chunk: 16 linhas.
Balanceamento: threads=8, minimo=2.520000 s, medio=2.579625 s, maximo=2.626000 s, fator_maximo_medio=1.017977.
Matriz binaria salva em saidas/matrizes/mandelbrot_openmp_static.bin.
Imagem PGM salva em saidas/imagens/mandelbrot_openmp_static.pgm.
===== repeticao 3 =====
Matriz OpenMP 4096x4096 gerada com MAX_ITER=1000.
Regiao: Re=[-2.000000000, 1.000000000], Im=[-1.500000000, 1.500000000].
Escalonamento: static.
Threads: 8.
Tempo de geracao: 2.614000 segundos.
Tempo de escrita: 0.413000 segundos.
Amostras: primeiro=0, meio=0, ultimo=1.
Chunk: 16 linhas.
Balanceamento: threads=8, minimo=2.503000 s, medio=2.557500 s, maximo=2.614000 s, fator_maximo_medio=1.022092.
Matriz binaria salva em saidas/matrizes/mandelbrot_openmp_static.bin.
Imagem PGM salva em saidas/imagens/mandelbrot_openmp_static.pgm.
===== repeticao 4 =====
Matriz OpenMP 4096x4096 gerada com MAX_ITER=1000.
Regiao: Re=[-2.000000000, 1.000000000], Im=[-1.500000000, 1.500000000].
Escalonamento: static.
Threads: 8.
Tempo de geracao: 2.590000 segundos.
Tempo de escrita: 0.463000 segundos.
Amostras: primeiro=0, meio=0, ultimo=1.
Chunk: 16 linhas.
Balanceamento: threads=8, minimo=2.472000 s, medio=2.533250 s, maximo=2.588000 s, fator_maximo_medio=1.021613.
Matriz binaria salva em saidas/matrizes/mandelbrot_openmp_static.bin.
Imagem PGM salva em saidas/imagens/mandelbrot_openmp_static.pgm.
===== repeticao 5 =====
Matriz OpenMP 4096x4096 gerada com MAX_ITER=1000.
Regiao: Re=[-2.000000000, 1.000000000], Im=[-1.500000000, 1.500000000].
Escalonamento: static.
Threads: 8.
Tempo de geracao: 2.642000 segundos.
Tempo de escrita: 0.428000 segundos.
Amostras: primeiro=0, meio=0, ultimo=1.
Chunk: 16 linhas.
Balanceamento: threads=8, minimo=2.539000 s, medio=2.595125 s, maximo=2.640000 s, fator_maximo_medio=1.017292.
Matriz binaria salva em saidas/matrizes/mandelbrot_openmp_static.bin.
Imagem PGM salva em saidas/imagens/mandelbrot_openmp_static.pgm.
