
===== repeticao 1 =====
Matriz OpenMP 4096x4096 gerada com MAX_ITER=1000.
Regiao: Re=[-2.000000000, 1.000000000], Im=[-1.500000000, 1.500000000].
Escalonamento: static.
Threads: 8.
Tempo de geracao: 1.854000 segundos.
Tempo de escrita: 0.697000 segundos.
Amostras: primeiro=0, meio=0, ultimo=1.
Chunk: 1 linha.
Balanceamento: threads=8, minimo=1.775000 s, medio=1.814500 s, maximo=1.853000 s, fator_maximo_medio=1.021218.
Matriz binaria salva em saidas/matrizes/mandelbrot_openmp_static.bin.
Imagem PGM salva em saidas/imagens/mandelbrot_openmp_static.pgm.
===== repeticao 2 =====
Matriz OpenMP 4096x4096 gerada com MAX_ITER=1000.
Regiao: Re=[-2.000000000, 1.000000000], Im=[-1.500000000, 1.500000000].
Escalonamento: static.
Threads: 8.
Tempo de geracao: 1.863000 segundos.
Tempo de escrita: 0.380000 segundos.
Amostras: primeiro=0, meio=0, ultimo=1.
Chunk: 1 linha.
Balanceamento: threads=8, minimo=1.801000 s, medio=1.828625 s, maximo=1.862000 s, fator_maximo_medio=1.018251.
Matriz binaria salva em saidas/matrizes/mandelbrot_openmp_static.bin.
Imagem PGM salva em saidas/imagens/mandelbrot_openmp_static.pgm.
===== repeticao 3 =====
Matriz OpenMP 4096x4096 gerada com MAX_ITER=1000.
Regiao: Re=[-2.000000000, 1.000000000], Im=[-1.500000000, 1.500000000].
Escalonamento: static.
Threads: 8.
Tempo de geracao: 1.929000 segundos.
Tempo de escrita: 0.385000 segundos.
Amostras: primeiro=0, meio=0, ultimo=1.
Chunk: 1 linha.
Balanceamento: threads=8, minimo=1.848000 s, medio=1.877875 s, maximo=1.928000 s, fator_maximo_medio=1.026692.
Matriz binaria salva em saidas/matrizes/mandelbrot_openmp_static.bin.
Imagem PGM salva em saidas/imagens/mandelbrot_openmp_static.pgm.
===== repeticao 4 =====
Matriz OpenMP 4096x4096 gerada com MAX_ITER=1000.
Regiao: Re=[-2.000000000, 1.000000000], Im=[-1.500000000, 1.500000000].
Escalonamento: static.
Threads: 8.
Tempo de geracao: 1.963000 segundos.
Tempo de escrita: 0.383000 segundos.
Amostras: primeiro=0, meio=0, ultimo=1.
Chunk: 1 linha.
Balanceamento: threads=8, minimo=1.886000 s, medio=1.916250 s, maximo=1.961000 s, fator_maximo_medio=1.023353.
Matriz binaria salva em saidas/matrizes/mandelbrot_openmp_static.bin.
Imagem PGM salva em saidas/imagens/mandelbrot_openmp_static.pgm.
===== repeticao 5 =====
Matriz OpenMP 4096x4096 gerada com MAX_ITER=1000.
Regiao: Re=[-2.000000000, 1.000000000], Im=[-1.500000000, 1.500000000].
Escalonamento: static.
Threads: 8.
Tempo de geracao: 1.971000 segundos.
Tempo de escrita: 0.402000 segundos.
Amostras: primeiro=0, meio=0, ultimo=1.
Chunk: 1 linha.
Balanceamento: threads=8, minimo=1.924000 s, medio=1.945625 s, maximo=1.970000 s, fator_maximo_medio=1.012528.
Matriz binaria salva em saidas/matrizes/mandelbrot_openmp_static.bin.
Imagem PGM salva em saidas/imagens/mandelbrot_openmp_static.pgm.
