
===== repeticao 1 =====
Matriz OpenMP 4096x4096 gerada com MAX_ITER=5000.
Regiao: Re=[-0.745143887, -0.742143887], Im=[0.130325904, 0.133325904].
Escalonamento: static.
Threads: 8.
Tempo de geracao: 0.803000 segundos.
Tempo de escrita: 0.752000 segundos.
Amostras: primeiro=215, meio=30, ultimo=51.
Chunk: 1 linha.
Balanceamento: threads=8, minimo=0.793000 s, medio=0.797125 s, maximo=0.802000 s, fator_maximo_medio=1.006116.
Matriz binaria salva em saidas/matrizes/mandelbrot_openmp_static.bin.
Imagem PGM salva em saidas/imagens/mandelbrot_openmp_static.pgm.
===== repeticao 2 =====
Matriz OpenMP 4096x4096 gerada com MAX_ITER=5000.
Regiao: Re=[-0.745143887, -0.742143887], Im=[0.130325904, 0.133325904].
Escalonamento: static.
Threads: 8.
Tempo de geracao: 0.805000 segundos.
Tempo de escrita: 0.391000 segundos.
Amostras: primeiro=215, meio=30, ultimo=51.
Chunk: 1 linha.
Balanceamento: threads=8, minimo=0.788000 s, medio=0.794750 s, maximo=0.804000 s, fator_maximo_medio=1.011639.
Matriz binaria salva em saidas/matrizes/mandelbrot_openmp_static.bin.
Imagem PGM salva em saidas/imagens/mandelbrot_openmp_static.pgm.
===== repeticao 3 =====
Matriz OpenMP 4096x4096 gerada com MAX_ITER=5000.
Regiao: Re=[-0.745143887, -0.742143887], Im=[0.130325904, 0.133325904].
Escalonamento: static.
Threads: 8.
Tempo de geracao: 0.818000 segundos.
Tempo de escrita: 0.428000 segundos.
Amostras: primeiro=215, meio=30, ultimo=51.
Chunk: 1 linha.
Balanceamento: threads=8, minimo=0.792000 s, medio=0.803750 s, maximo=0.817000 s, fator_maximo_medio=1.016485.
Matriz binaria salva em saidas/matrizes/mandelbrot_openmp_static.bin.
Imagem PGM salva em saidas/imagens/mandelbrot_openmp_static.pgm.
===== repeticao 4 =====
Matriz OpenMP 4096x4096 gerada com MAX_ITER=5000.
Regiao: Re=[-0.745143887, -0.742143887], Im=[0.130325904, 0.133325904].
Escalonamento: static.
Threads: 8.
Tempo de geracao: 0.814000 segundos.
Tempo de escrita: 0.414000 segundos.
Amostras: primeiro=215, meio=30, ultimo=51.
Chunk: 1 linha.
Balanceamento: threads=8, minimo=0.792000 s, medio=0.800750 s, maximo=0.813000 s, fator_maximo_medio=1.015298.
Matriz binaria salva em saidas/matrizes/mandelbrot_openmp_static.bin.
Imagem PGM salva em saidas/imagens/mandelbrot_openmp_static.pgm.
===== repeticao 5 =====
Matriz OpenMP 4096x4096 gerada com MAX_ITER=5000.
Regiao: Re=[-0.745143887, -0.742143887], Im=[0.130325904, 0.133325904].
Escalonamento: static.
Threads: 8.
Tempo de geracao: 0.808000 segundos.
Tempo de escrita: 0.414000 segundos.
Amostras: primeiro=215, meio=30, ultimo=51.
Chunk: 1 linha.
Balanceamento: threads=8, minimo=0.791000 s, medio=0.799375 s, maximo=0.807000 s, fator_maximo_medio=1.009539.
Matriz binaria salva em saidas/matrizes/mandelbrot_openmp_static.bin.
Imagem PGM salva em saidas/imagens/mandelbrot_openmp_static.pgm.
