
===== repeticao 1 =====
Matriz OpenMP 4096x4096 gerada com MAX_ITER=5000.
Regiao: Re=[-0.745143887, -0.742143887], Im=[0.130325904, 0.133325904].
Escalonamento: guided.
Threads: 8.
Tempo de geracao: 0.923000 segundos.
Tempo de escrita: 0.410000 segundos.
Amostras: primeiro=215, meio=30, ultimo=51.
Chunk: 1 linha.
Balanceamento: threads=8, minimo=0.841000 s, medio=0.857250 s, maximo=0.922000 s, fator_maximo_medio=1.075532.
Matriz binaria salva em saidas/matrizes/mandelbrot_openmp_guided.bin.
Imagem PGM salva em saidas/imagens/mandelbrot_openmp_guided.pgm.
===== repeticao 2 =====
Matriz OpenMP 4096x4096 gerada com MAX_ITER=5000.
Regiao: Re=[-0.745143887, -0.742143887], Im=[0.130325904, 0.133325904].
Escalonamento: guided.
Threads: 8.
Tempo de geracao: 0.922000 segundos.
Tempo de escrita: 0.428000 segundos.
Amostras: primeiro=215, meio=30, ultimo=51.
Chunk: 1 linha.
Balanceamento: threads=8, minimo=0.840000 s, medio=0.851125 s, maximo=0.921000 s, fator_maximo_medio=1.082097.
Matriz binaria salva em saidas/matrizes/mandelbrot_openmp_guided.bin.
Imagem PGM salva em saidas/imagens/mandelbrot_openmp_guided.pgm.
===== repeticao 3 =====
Matriz OpenMP 4096x4096 gerada com MAX_ITER=5000.
Regiao: Re=[-0.745143887, -0.742143887], Im=[0.130325904, 0.133325904].
Escalonamento: guided.
Threads: 8.
Tempo de geracao: 0.928000 segundos.
Tempo de escrita: 0.403000 segundos.
Amostras: primeiro=215, meio=30, ultimo=51.
Chunk: 1 linha.
Balanceamento: threads=8, minimo=0.863000 s, medio=0.872000 s, maximo=0.927000 s, fator_maximo_medio=1.063073.
Matriz binaria salva em saidas/matrizes/mandelbrot_openmp_guided.bin.
Imagem PGM salva em saidas/imagens/mandelbrot_openmp_guided.pgm.
===== repeticao 4 =====
Matriz OpenMP 4096x4096 gerada com MAX_ITER=5000.
Regiao: Re=[-0.745143887, -0.742143887], Im=[0.130325904, 0.133325904].
Escalonamento: guided.
Threads: 8.
Tempo de geracao: 0.934000 segundos.
Tempo de escrita: 0.416000 segundos.
Amostras: primeiro=215, meio=30, ultimo=51.
Chunk: 1 linha.
Balanceamento: threads=8, minimo=0.850000 s, medio=0.862500 s, maximo=0.933000 s, fator_maximo_medio=1.081739.
Matriz binaria salva em saidas/matrizes/mandelbrot_openmp_guided.bin.
Imagem PGM salva em saidas/imagens/mandelbrot_openmp_guided.pgm.
===== repeticao 5 =====
Matriz OpenMP 4096x4096 gerada com MAX_ITER=5000.
Regiao: Re=[-0.745143887, -0.742143887], Im=[0.130325904, 0.133325904].
Escalonamento: guided.
Threads: 8.
Tempo de geracao: 0.936000 segundos.
Tempo de escrita: 0.389000 segundos.
Amostras: primeiro=215, meio=30, ultimo=51.
Chunk: 1 linha.
Balanceamento: threads=8, minimo=0.852000 s, medio=0.864375 s, maximo=0.935000 s, fator_maximo_medio=1.081706.
Matriz binaria salva em saidas/matrizes/mandelbrot_openmp_guided.bin.
Imagem PGM salva em saidas/imagens/mandelbrot_openmp_guided.pgm.
